#-----------------------------------------------------------
# Vivado v2023.2 (64-bit)
# SW Build 4029153 on Fri Oct 13 20:14:34 MDT 2023
# IP Build 4028589 on Sat Oct 14 00:45:43 MDT 2023
# SharedData Build 4025554 on Tue Oct 10 17:18:54 MDT 2023
# Start of session at: Thu Jun 27 01:09:18 2024
# Process ID: 31560
# Current directory: C:/Users/niran/OneDrive/Desktop/CPU/project_1
# Command line: vivado.exe -gui_launcher_event rodinguilauncherevent13552 C:\Users\niran\OneDrive\Desktop\CPU\project_1\project_1.xpr
# Log file: C:/Users/niran/OneDrive/Desktop/CPU/project_1/vivado.log
# Journal file: C:/Users/niran/OneDrive/Desktop/CPU/project_1\vivado.jou
# Running On: Niranjan, OS: Windows, CPU Frequency: 1996 MHz, CPU Physical cores: 16, Host memory: 16406 MB
#-----------------------------------------------------------
start_gui
open_project C:/Users/niran/OneDrive/Desktop/CPU/project_1/project_1.xpr
update_compile_order -fileset sources_1
launch_simulation
source top_tb.tcl
close_sim
launch_simulation
source top_tb.tcl
close_sim
launch_simulation
source top_tb.tcl
close_sim
update_compile_order -fileset sources_1
update_compile_order -fileset sources_1
